// Jest Snapshot v1, https://goo.gl/fbAQLP

exports[`<ChoiceBlock  /> Snapshot one 1`] = `
<div
  className="b-header__choice choice-flex"
>
  <div
    className="choice-flex__item"
  >
    <span
      className="b-header__choice-text"
    >
      search by
    </span>
    <button
      className="b-header__button"
      onClick={[MockFunction]}
      style={undefined}
    >
      title
    </button>
    <button
      className="b-header__button"
      onClick={undefined}
      style={undefined}
    >
      genres
    </button>
  </div>
  <div
    className="choice-flex__item"
  >
    <button
      className=""
      onClick={undefined}
      style={
        Object {
          "background": "red",
          "pointerEvents": "auto",
        }
      }
    >
      search
    </button>
  </div>
</div>
`;
